Processing smartcap (board: esp32cam; platform: espressif32@6.9.0; framework: arduino)
--------------------------------------------------------------------------------
Verbose mode can be enabled via `-v, --verbose` option
CONFIGURATION: https://docs.platformio.org/page/boards/espressif32/esp32cam.html
PLATFORM: Espressif 32 (6.9.0) > AI Thinker ESP32-CAM
HARDWARE: ESP32 240MHz, 320KB RAM, 4MB Flash
DEBUG: Current (cmsis-dap) External (cmsis-dap, esp-bridge, esp-prog, iot-bus-jtag, jlink, minimodule, olimex-arm-usb-ocd, olimex-arm-usb-ocd-h, olimex-arm-usb-tiny-h, olimex-jtag-tiny, tumpa)
PACKAGES: 
 - framework-arduinoespressif32 @ 3.20017.241212+sha.dcc1105b 
 - tool-esptoolpy @ 1.40501.0 (4.5.1) 
 - toolchain-xtensa-esp32 @ 8.4.0+2021r2-patch5
LDF: Library Dependency Finder -> https://bit.ly/configure-pio-ldf
LDF Modes: Finder ~ chain, Compatibility ~ soft
Found 33 compatible libraries
Scanning dependencies...
Dependency Graph
|-- WiFi @ 2.0.0
Building in release mode
Compiling .pio\build\smartcap\src\smartcap.cpp.o
Linking .pio\build\smartcap\firmware.elf
Retrieving maximum program size .pio\build\smartcap\firmware.elf
Checking size .pio\build\smartcap\firmware.elf
Advanced Memory Usage is available via "PlatformIO Home > Project Inspect"
RAM:   [==        ]  15.1% (used 49624 bytes from 327680 bytes)
Flash: [===       ]  27.4% (used 861493 bytes from 3145728 bytes)
Building .pio\build\smartcap\firmware.bin with action:
  "$PYTHONEXE" "$OBJCOPY" --chip esp32 elf2image --flash_mode ${__get_board_flash_mode(__env__)} --flash_freq ${__get_board_f_image(__env__)} --flash_size 4MB --elf-sha256-offset 0xb0 -o $TARGET $SOURCES
Building .pio\build\smartcap\firmware.bin
esptool.py v4.5.1
Creating esp32 image...
Merged 27 ELF sections
Successfully created esp32 image.
========================= [SUCCESS] Took 5.40 seconds =========================

Processing smartwrist (board: esp32dev; platform: espressif32@6.9.0; framework: arduino)
--------------------------------------------------------------------------------
Verbose mode can be enabled via `-v, --verbose` option
CONFIGURATION: https://docs.platformio.org/page/boards/espressif32/esp32dev.html
PLATFORM: Espressif 32 (6.9.0) > Espressif ESP32 Dev Module
HARDWARE: ESP32 240MHz, 320KB RAM, 4MB Flash
DEBUG: Current (cmsis-dap) External (cmsis-dap, esp-bridge, esp-prog, iot-bus-jtag, jlink, minimodule, olimex-arm-usb-ocd, olimex-arm-usb-ocd-h, olimex-arm-usb-tiny-h, olimex-jtag-tiny, tumpa)
PACKAGES: 
 - framework-arduinoespressif32 @ 3.20017.241212+sha.dcc1105b 
 - tool-esptoolpy @ 1.40501.0 (4.5.1) 
 - toolchain-xtensa-esp32 @ 8.4.0+2021r2-patch5
LDF: Library Dependency Finder -> https://bit.ly/configure-pio-ldf
LDF Modes: Finder ~ chain, Compatibility ~ soft
Found 34 compatible libraries
Scanning dependencies...
Dependency Graph
|-- PubSubClient @ 2.8.0
|-- Wire @ 2.0.0
|-- WiFi @ 2.0.0
Building in release mode
Retrieving maximum program size .pio\build\smartwrist\firmware.elf
Checking size .pio\build\smartwrist\firmware.elf
Advanced Memory Usage is available via "PlatformIO Home > Project Inspect"
RAM:   [=         ]  13.9% (used 45644 bytes from 327680 bytes)
Flash: [======    ]  60.2% (used 789445 bytes from 1310720 bytes)
========================= [SUCCESS] Took 2.07 seconds =========================

Environment    Status    Duration
-------------  --------  ------------
smartcap       SUCCESS   00:00:05.404
smartwrist     SUCCESS   00:00:02.073
========================= 2 succeeded in 00:00:07.477 =========================
