Processing smartcap (board: esp32cam; platform: espressif32@6.9.0; framework: arduino)
--------------------------------------------------------------------------------
Verbose mode can be enabled via `-v, --verbose` option
CONFIGURATION: https://docs.platformio.org/page/boards/espressif32/esp32cam.html
PLATFORM: Espressif 32 (6.9.0) > AI Thinker ESP32-CAM
HARDWARE: ESP32 240MHz, 320KB RAM, 4MB Flash
DEBUG: Current (cmsis-dap) External (cmsis-dap, esp-bridge, esp-prog, iot-bus-jtag, jlink, minimodule, olimex-arm-usb-ocd, olimex-arm-usb-ocd-h, olimex-arm-usb-tiny-h, olimex-jtag-tiny, tumpa)
PACKAGES: 
 - framework-arduinoespressif32 @ 3.20017.241212+sha.dcc1105b 
 - tool-esptoolpy @ 1.40501.0 (4.5.1) 
 - toolchain-xtensa-esp32 @ 8.4.0+2021r2-patch5
LDF: Library Dependency Finder -> https://bit.ly/configure-pio-ldf
LDF Modes: Finder ~ chain, Compatibility ~ soft
Found 33 compatible libraries
Scanning dependencies...
Dependency Graph
|-- WiFi @ 2.0.0
Building in release mode
Compiling .pio\build\smartcap\src\smartcap.cpp.o
Compiling .pio\build\smartcap\lib27b\WiFi\WiFi.cpp.o
Compiling .pio\build\smartcap\lib27b\WiFi\WiFiAP.cpp.o
Compiling .pio\build\smartcap\lib27b\WiFi\WiFiClient.cpp.o
Compiling .pio\build\smartcap\lib27b\WiFi\WiFiGeneric.cpp.o
Compiling .pio\build\smartcap\lib27b\WiFi\WiFiMulti.cpp.o
Compiling .pio\build\smartcap\lib27b\WiFi\WiFiSTA.cpp.o
Compiling .pio\build\smartcap\lib27b\WiFi\WiFiScan.cpp.o
Compiling .pio\build\smartcap\lib27b\WiFi\WiFiServer.cpp.o
Compiling .pio\build\smartcap\lib27b\WiFi\WiFiUdp.cpp.o
Compiling .pio\build\smartcap\FrameworkArduino\Esp.cpp.o
Compiling .pio\build\smartcap\FrameworkArduino\FirmwareMSC.cpp.o
Compiling .pio\build\smartcap\FrameworkArduino\FunctionalInterrupt.cpp.o
Compiling .pio\build\smartcap\FrameworkArduino\HWCDC.cpp.o
Compiling .pio\build\smartcap\FrameworkArduino\HardwareSerial.cpp.o
Compiling .pio\build\smartcap\FrameworkArduino\IPAddress.cpp.o
Compiling .pio\build\smartcap\FrameworkArduino\IPv6Address.cpp.o
Compiling .pio\build\smartcap\FrameworkArduino\MD5Builder.cpp.o
Compiling .pio\build\smartcap\FrameworkArduino\Print.cpp.o
Compiling .pio\build\smartcap\FrameworkArduino\Stream.cpp.o
Compiling .pio\build\smartcap\FrameworkArduino\StreamString.cpp.o
Compiling .pio\build\smartcap\FrameworkArduino\Tone.cpp.o
Compiling .pio\build\smartcap\FrameworkArduino\USB.cpp.o
Compiling .pio\build\smartcap\FrameworkArduino\USBCDC.cpp.o
Compiling .pio\build\smartcap\FrameworkArduino\USBMSC.cpp.o
Compiling .pio\build\smartcap\FrameworkArduino\WMath.cpp.o
Compiling .pio\build\smartcap\FrameworkArduino\WString.cpp.o
Compiling .pio\build\smartcap\FrameworkArduino\base64.cpp.o
Compiling .pio\build\smartcap\FrameworkArduino\cbuf.cpp.o
Archiving .pio\build\smartcap\lib27b\libWiFi.a
Compiling .pio\build\smartcap\FrameworkArduino\esp32-hal-adc.c.o
Compiling .pio\build\smartcap\FrameworkArduino\esp32-hal-bt.c.o
Indexing .pio\build\smartcap\lib27b\libWiFi.a
Compiling .pio\build\smartcap\FrameworkArduino\esp32-hal-cpu.c.o
Compiling .pio\build\smartcap\FrameworkArduino\esp32-hal-dac.c.o
Compiling .pio\build\smartcap\FrameworkArduino\esp32-hal-gpio.c.o
Compiling .pio\build\smartcap\FrameworkArduino\esp32-hal-i2c-slave.c.o
Compiling .pio\build\smartcap\FrameworkArduino\esp32-hal-i2c.c.o
Compiling .pio\build\smartcap\FrameworkArduino\esp32-hal-ledc.c.o
Compiling .pio\build\smartcap\FrameworkArduino\esp32-hal-matrix.c.o
Compiling .pio\build\smartcap\FrameworkArduino\esp32-hal-misc.c.o
Compiling .pio\build\smartcap\FrameworkArduino\esp32-hal-psram.c.o
Compiling .pio\build\smartcap\FrameworkArduino\esp32-hal-rgb-led.c.o
Compiling .pio\build\smartcap\FrameworkArduino\esp32-hal-rmt.c.o
Compiling .pio\build\smartcap\FrameworkArduino\esp32-hal-sigmadelta.c.o
Compiling .pio\build\smartcap\FrameworkArduino\esp32-hal-spi.c.o
Compiling .pio\build\smartcap\FrameworkArduino\esp32-hal-time.c.o
Compiling .pio\build\smartcap\FrameworkArduino\esp32-hal-timer.c.o
Compiling .pio\build\smartcap\FrameworkArduino\esp32-hal-tinyusb.c.o
Compiling .pio\build\smartcap\FrameworkArduino\esp32-hal-touch.c.o
Compiling .pio\build\smartcap\FrameworkArduino\esp32-hal-uart.c.o
Compiling .pio\build\smartcap\FrameworkArduino\firmware_msc_fat.c.o
Compiling .pio\build\smartcap\FrameworkArduino\libb64\cdecode.c.o
Compiling .pio\build\smartcap\FrameworkArduino\libb64\cencode.c.o
Compiling .pio\build\smartcap\FrameworkArduino\main.cpp.o
Compiling .pio\build\smartcap\FrameworkArduino\stdlib_noniso.c.o
Compiling .pio\build\smartcap\FrameworkArduino\wiring_pulse.c.o
Compiling .pio\build\smartcap\FrameworkArduino\wiring_shift.c.o
Archiving .pio\build\smartcap\libFrameworkArduino.a
Indexing .pio\build\smartcap\libFrameworkArduino.a
Linking .pio\build\smartcap\firmware.elf
Retrieving maximum program size .pio\build\smartcap\firmware.elf
Checking size .pio\build\smartcap\firmware.elf
Advanced Memory Usage is available via "PlatformIO Home > Project Inspect"
RAM:   [==        ]  15.1% (used 49624 bytes from 327680 bytes)
Flash: [===       ]  27.4% (used 861497 bytes from 3145728 bytes)
Building .pio\build\smartcap\firmware.bin with action:
  "$PYTHONEXE" "$OBJCOPY" --chip esp32 elf2image --flash_mode ${__get_board_flash_mode(__env__)} --flash_freq ${__get_board_f_image(__env__)} --flash_size 4MB --elf-sha256-offset 0xb0 -o $TARGET $SOURCES
Building .pio\build\smartcap\firmware.bin
esptool.py v4.5.1
Creating esp32 image...
Merged 27 ELF sections
Successfully created esp32 image.
========================= [SUCCESS] Took 27.83 seconds =========================

Processing smartwrist (board: esp32dev; platform: espressif32@6.9.0; framework: arduino)
--------------------------------------------------------------------------------
Verbose mode can be enabled via `-v, --verbose` option
CONFIGURATION: https://docs.platformio.org/page/boards/espressif32/esp32dev.html
PLATFORM: Espressif 32 (6.9.0) > Espressif ESP32 Dev Module
HARDWARE: ESP32 240MHz, 320KB RAM, 4MB Flash
DEBUG: Current (cmsis-dap) External (cmsis-dap, esp-bridge, esp-prog, iot-bus-jtag, jlink, minimodule, olimex-arm-usb-ocd, olimex-arm-usb-ocd-h, olimex-arm-usb-tiny-h, olimex-jtag-tiny, tumpa)
PACKAGES: 
 - framework-arduinoespressif32 @ 3.20017.241212+sha.dcc1105b 
 - tool-esptoolpy @ 1.40501.0 (4.5.1) 
 - toolchain-xtensa-esp32 @ 8.4.0+2021r2-patch5
LDF: Library Dependency Finder -> https://bit.ly/configure-pio-ldf
LDF Modes: Finder ~ chain, Compatibility ~ soft
Found 34 compatible libraries
Scanning dependencies...
Dependency Graph
|-- PubSubClient @ 2.8.0
|-- Wire @ 2.0.0
|-- WiFi @ 2.0.0
Building in release mode
Compiling .pio\build\smartwrist\src\smartwrist.cpp.o
Compiling .pio\build\smartwrist\lib8ed\PubSubClient\PubSubClient.cpp.o
Compiling .pio\build\smartwrist\lib347\Wire\Wire.cpp.o
Compiling .pio\build\smartwrist\lib27b\WiFi\WiFi.cpp.o
Compiling .pio\build\smartwrist\lib27b\WiFi\WiFiAP.cpp.o
Compiling .pio\build\smartwrist\lib27b\WiFi\WiFiClient.cpp.o
Compiling .pio\build\smartwrist\lib27b\WiFi\WiFiGeneric.cpp.o
Compiling .pio\build\smartwrist\lib27b\WiFi\WiFiMulti.cpp.o
Compiling .pio\build\smartwrist\lib27b\WiFi\WiFiSTA.cpp.o
Compiling .pio\build\smartwrist\lib27b\WiFi\WiFiScan.cpp.o
Compiling .pio\build\smartwrist\lib27b\WiFi\WiFiServer.cpp.o
Compiling .pio\build\smartwrist\lib27b\WiFi\WiFiUdp.cpp.o
Compiling .pio\build\smartwrist\FrameworkArduino\Esp.cpp.o
Archiving .pio\build\smartwrist\lib8ed\libPubSubClient.a
Archiving .pio\build\smartwrist\lib347\libWire.a
Compiling .pio\build\smartwrist\FrameworkArduino\FirmwareMSC.cpp.o
Indexing .pio\build\smartwrist\lib8ed\libPubSubClient.a
Indexing .pio\build\smartwrist\lib347\libWire.a
Compiling .pio\build\smartwrist\FrameworkArduino\FunctionalInterrupt.cpp.o
Compiling .pio\build\smartwrist\FrameworkArduino\HWCDC.cpp.o
Compiling .pio\build\smartwrist\FrameworkArduino\HardwareSerial.cpp.o
Compiling .pio\build\smartwrist\FrameworkArduino\IPAddress.cpp.o
Compiling .pio\build\smartwrist\FrameworkArduino\IPv6Address.cpp.o
Compiling .pio\build\smartwrist\FrameworkArduino\MD5Builder.cpp.o
Compiling .pio\build\smartwrist\FrameworkArduino\Print.cpp.o
Compiling .pio\build\smartwrist\FrameworkArduino\Stream.cpp.o
Compiling .pio\build\smartwrist\FrameworkArduino\StreamString.cpp.o
Archiving .pio\build\smartwrist\lib27b\libWiFi.a
Compiling .pio\build\smartwrist\FrameworkArduino\Tone.cpp.o
Compiling .pio\build\smartwrist\FrameworkArduino\USB.cpp.o
Indexing .pio\build\smartwrist\lib27b\libWiFi.a
Compiling .pio\build\smartwrist\FrameworkArduino\USBCDC.cpp.o
Compiling .pio\build\smartwrist\FrameworkArduino\USBMSC.cpp.o
Compiling .pio\build\smartwrist\FrameworkArduino\WMath.cpp.o
Compiling .pio\build\smartwrist\FrameworkArduino\WString.cpp.o
Compiling .pio\build\smartwrist\FrameworkArduino\base64.cpp.o
Compiling .pio\build\smartwrist\FrameworkArduino\cbuf.cpp.o
Compiling .pio\build\smartwrist\FrameworkArduino\esp32-hal-adc.c.o
Compiling .pio\build\smartwrist\FrameworkArduino\esp32-hal-bt.c.o
Compiling .pio\build\smartwrist\FrameworkArduino\esp32-hal-cpu.c.o
Compiling .pio\build\smartwrist\FrameworkArduino\esp32-hal-dac.c.o
Compiling .pio\build\smartwrist\FrameworkArduino\esp32-hal-gpio.c.o
Compiling .pio\build\smartwrist\FrameworkArduino\esp32-hal-i2c-slave.c.o
Compiling .pio\build\smartwrist\FrameworkArduino\esp32-hal-i2c.c.o
Compiling .pio\build\smartwrist\FrameworkArduino\esp32-hal-ledc.c.o
Compiling .pio\build\smartwrist\FrameworkArduino\esp32-hal-matrix.c.o
Compiling .pio\build\smartwrist\FrameworkArduino\esp32-hal-misc.c.o
Compiling .pio\build\smartwrist\FrameworkArduino\esp32-hal-psram.c.o
Compiling .pio\build\smartwrist\FrameworkArduino\esp32-hal-rgb-led.c.o
Compiling .pio\build\smartwrist\FrameworkArduino\esp32-hal-rmt.c.o
Compiling .pio\build\smartwrist\FrameworkArduino\esp32-hal-sigmadelta.c.o
Compiling .pio\build\smartwrist\FrameworkArduino\esp32-hal-spi.c.o
Compiling .pio\build\smartwrist\FrameworkArduino\esp32-hal-time.c.o
Compiling .pio\build\smartwrist\FrameworkArduino\esp32-hal-timer.c.o
Compiling .pio\build\smartwrist\FrameworkArduino\esp32-hal-tinyusb.c.o
Compiling .pio\build\smartwrist\FrameworkArduino\esp32-hal-touch.c.o
Compiling .pio\build\smartwrist\FrameworkArduino\esp32-hal-uart.c.o
Compiling .pio\build\smartwrist\FrameworkArduino\firmware_msc_fat.c.o
Compiling .pio\build\smartwrist\FrameworkArduino\libb64\cdecode.c.o
Compiling .pio\build\smartwrist\FrameworkArduino\libb64\cencode.c.o
Compiling .pio\build\smartwrist\FrameworkArduino\main.cpp.o
Compiling .pio\build\smartwrist\FrameworkArduino\stdlib_noniso.c.o
Compiling .pio\build\smartwrist\FrameworkArduino\wiring_pulse.c.o
Compiling .pio\build\smartwrist\FrameworkArduino\wiring_shift.c.o
Archiving .pio\build\smartwrist\libFrameworkArduino.a
Indexing .pio\build\smartwrist\libFrameworkArduino.a
Linking .pio\build\smartwrist\firmware.elf
Retrieving maximum program size .pio\build\smartwrist\firmware.elf
Checking size .pio\build\smartwrist\firmware.elf
Advanced Memory Usage is available via "PlatformIO Home > Project Inspect"
RAM:   [=         ]  13.9% (used 45644 bytes from 327680 bytes)
Flash: [======    ]  60.2% (used 789425 bytes from 1310720 bytes)
Building .pio\build\smartwrist\firmware.bin with action:
  "$PYTHONEXE" "$OBJCOPY" --chip esp32 elf2image --flash_mode ${__get_board_flash_mode(__env__)} --flash_freq ${__get_board_f_image(__env__)} --flash_size 4MB --elf-sha256-offset 0xb0 -o $TARGET $SOURCES
Building .pio\build\smartwrist\firmware.bin
esptool.py v4.5.1
Creating esp32 image...
Merged 27 ELF sections
Successfully created esp32 image.
========================= [SUCCESS] Took 13.90 seconds =========================

Environment    Status    Duration
-------------  --------  ------------
smartcap       SUCCESS   00:00:27.833
smartwrist     SUCCESS   00:00:13.900
========================= 2 succeeded in 00:00:41.734 =========================
