Processing smartcap (board: esp32cam; platform: espressif32@6.9.0; framework: arduino)
--------------------------------------------------------------------------------
Verbose mode can be enabled via `-v, --verbose` option
CONFIGURATION: https://docs.platformio.org/page/boards/espressif32/esp32cam.html
PLATFORM: Espressif 32 (6.9.0) > AI Thinker ESP32-CAM
HARDWARE: ESP32 240MHz, 320KB RAM, 4MB Flash
DEBUG: Current (cmsis-dap) External (cmsis-dap, esp-bridge, esp-prog, iot-bus-jtag, jlink, minimodule, olimex-arm-usb-ocd, olimex-arm-usb-ocd-h, olimex-arm-usb-tiny-h, olimex-jtag-tiny, tumpa)
PACKAGES: 
 - framework-arduinoespressif32 @ 3.20017.241212+sha.dcc1105b 
 - tool-esptoolpy @ 1.40501.0 (4.5.1) 
 - tool-mkfatfs @ 2.0.1 
 - tool-mklittlefs @ 1.203.210628 (2.3) 
 - tool-mkspiffs @ 2.230.0 (2.30) 
 - toolchain-xtensa-esp32 @ 8.4.0+2021r2-patch5
LDF: Library Dependency Finder -> https://bit.ly/configure-pio-ldf
LDF Modes: Finder ~ chain, Compatibility ~ soft
Found 33 compatible libraries
Scanning dependencies...
Dependency Graph
|-- WiFi @ 2.0.0
Building in release mode
Compiling .pio\build\smartcap\src\smartcap.cpp.o
Building .pio\build\smartcap\bootloader.bin
Generating partitions .pio\build\smartcap\partitions.bin
esptool.py v4.5.1
Creating esp32 image...
Merged 1 ELF section
Successfully created esp32 image.
Compiling .pio\build\smartcap\lib27b\WiFi\WiFi.cpp.o
Compiling .pio\build\smartcap\lib27b\WiFi\WiFiAP.cpp.o
Compiling .pio\build\smartcap\lib27b\WiFi\WiFiClient.cpp.o
Compiling .pio\build\smartcap\lib27b\WiFi\WiFiGeneric.cpp.o
Compiling .pio\build\smartcap\lib27b\WiFi\WiFiMulti.cpp.o
Compiling .pio\build\smartcap\lib27b\WiFi\WiFiSTA.cpp.o
Compiling .pio\build\smartcap\lib27b\WiFi\WiFiScan.cpp.o
Compiling .pio\build\smartcap\lib27b\WiFi\WiFiServer.cpp.o
Compiling .pio\build\smartcap\lib27b\WiFi\WiFiUdp.cpp.o
Compiling .pio\build\smartcap\FrameworkArduino\Esp.cpp.o
Compiling .pio\build\smartcap\FrameworkArduino\FirmwareMSC.cpp.o
Compiling .pio\build\smartcap\FrameworkArduino\FunctionalInterrupt.cpp.o
Compiling .pio\build\smartcap\FrameworkArduino\HWCDC.cpp.o
Compiling .pio\build\smartcap\FrameworkArduino\HardwareSerial.cpp.o
Compiling .pio\build\smartcap\FrameworkArduino\IPAddress.cpp.o
Compiling .pio\build\smartcap\FrameworkArduino\IPv6Address.cpp.o
Compiling .pio\build\smartcap\FrameworkArduino\MD5Builder.cpp.o
Compiling .pio\build\smartcap\FrameworkArduino\Print.cpp.o
Compiling .pio\build\smartcap\FrameworkArduino\Stream.cpp.o
Compiling .pio\build\smartcap\FrameworkArduino\StreamString.cpp.o
Compiling .pio\build\smartcap\FrameworkArduino\Tone.cpp.o
Compiling .pio\build\smartcap\FrameworkArduino\USB.cpp.o
Compiling .pio\build\smartcap\FrameworkArduino\USBCDC.cpp.o
Compiling .pio\build\smartcap\FrameworkArduino\USBMSC.cpp.o
Compiling .pio\build\smartcap\FrameworkArduino\WMath.cpp.o
Compiling .pio\build\smartcap\FrameworkArduino\WString.cpp.o
Compiling .pio\build\smartcap\FrameworkArduino\base64.cpp.o
Archiving .pio\build\smartcap\lib27b\libWiFi.a
Indexing .pio\build\smartcap\lib27b\libWiFi.a
Compiling .pio\build\smartcap\FrameworkArduino\cbuf.cpp.o
Compiling .pio\build\smartcap\FrameworkArduino\esp32-hal-adc.c.o
Compiling .pio\build\smartcap\FrameworkArduino\esp32-hal-bt.c.o
Compiling .pio\build\smartcap\FrameworkArduino\esp32-hal-cpu.c.o
Compiling .pio\build\smartcap\FrameworkArduino\esp32-hal-dac.c.o
Compiling .pio\build\smartcap\FrameworkArduino\esp32-hal-gpio.c.o
Compiling .pio\build\smartcap\FrameworkArduino\esp32-hal-i2c-slave.c.o
Compiling .pio\build\smartcap\FrameworkArduino\esp32-hal-i2c.c.o
Compiling .pio\build\smartcap\FrameworkArduino\esp32-hal-ledc.c.o
Compiling .pio\build\smartcap\FrameworkArduino\esp32-hal-matrix.c.o
Compiling .pio\build\smartcap\FrameworkArduino\esp32-hal-misc.c.o
Compiling .pio\build\smartcap\FrameworkArduino\esp32-hal-psram.c.o
Compiling .pio\build\smartcap\FrameworkArduino\esp32-hal-rgb-led.c.o
Compiling .pio\build\smartcap\FrameworkArduino\esp32-hal-rmt.c.o
Compiling .pio\build\smartcap\FrameworkArduino\esp32-hal-sigmadelta.c.o
Compiling .pio\build\smartcap\FrameworkArduino\esp32-hal-spi.c.o
Compiling .pio\build\smartcap\FrameworkArduino\esp32-hal-time.c.o
Compiling .pio\build\smartcap\FrameworkArduino\esp32-hal-timer.c.o
Compiling .pio\build\smartcap\FrameworkArduino\esp32-hal-tinyusb.c.o
Compiling .pio\build\smartcap\FrameworkArduino\esp32-hal-touch.c.o
Compiling .pio\build\smartcap\FrameworkArduino\esp32-hal-uart.c.o
Compiling .pio\build\smartcap\FrameworkArduino\firmware_msc_fat.c.o
Compiling .pio\build\smartcap\FrameworkArduino\libb64\cdecode.c.o
Compiling .pio\build\smartcap\FrameworkArduino\libb64\cencode.c.o
Compiling .pio\build\smartcap\FrameworkArduino\main.cpp.o
Compiling .pio\build\smartcap\FrameworkArduino\stdlib_noniso.c.o
Compiling .pio\build\smartcap\FrameworkArduino\wiring_pulse.c.o
Compiling .pio\build\smartcap\FrameworkArduino\wiring_shift.c.o
Archiving .pio\build\smartcap\libFrameworkArduino.a
Indexing .pio\build\smartcap\libFrameworkArduino.a
Linking .pio\build\smartcap\firmware.elf
Retrieving maximum program size .pio\build\smartcap\firmware.elf
Checking size .pio\build\smartcap\firmware.elf
Advanced Memory Usage is available via "PlatformIO Home > Project Inspect"
RAM:   [==        ]  15.1% (used 49624 bytes from 327680 bytes)
Flash: [===       ]  27.4% (used 861493 bytes from 3145728 bytes)
Building .pio\build\smartcap\firmware.bin with action:
  "$PYTHONEXE" "$OBJCOPY" --chip esp32 elf2image --flash_mode ${__get_board_flash_mode(__env__)} --flash_freq ${__get_board_f_image(__env__)} --flash_size 4MB --elf-sha256-offset 0xb0 -o $TARGET $SOURCES
Building .pio\build\smartcap\firmware.bin
esptool.py v4.5.1
Creating esp32 image...
Merged 27 ELF sections
Successfully created esp32 image.
Configuring upload protocol...
AVAILABLE: cmsis-dap, esp-bridge, esp-prog, espota, esptool, iot-bus-jtag, jlink, minimodule, olimex-arm-usb-ocd, olimex-arm-usb-ocd-h, olimex-arm-usb-tiny-h, olimex-jtag-tiny, tumpa
CURRENT: upload_protocol = esptool
Looking for upload port...
Using manually specified: COM5
Uploading .pio\build\smartcap\firmware.bin
esptool.py v4.5.1
Serial port COM5
Connecting....
Chip is ESP32-D0WD-V3 (revision v3.1)
Features: WiFi, BT, Dual Core, 240MHz, VRef calibration in efuse, Coding Scheme None
Crystal is 40MHz
MAC: 30:76:f5:e5:66:d8
Uploading stub...
Running stub...
Stub running...
Changing baud rate to 460800
Changed.
Configuring flash size...
Flash will be erased from 0x00001000 to 0x00005fff...
Flash will be erased from 0x00008000 to 0x00008fff...
Flash will be erased from 0x0000e000 to 0x0000ffff...
Flash will be erased from 0x00010000 to 0x000e3fff...
Compressed 17536 bytes to 12202...
Writing at 0x00001000... (100 %)
Wrote 17536 bytes (12202 compressed) at 0x00001000 in 0.4 seconds (effective 332.1 kbit/s)...
Hash of data verified.
Compressed 3072 bytes to 137...
Writing at 0x00008000... (100 %)
Wrote 3072 bytes (137 compressed) at 0x00008000 in 0.0 seconds (effective 794.7 kbit/s)...
Hash of data verified.
Compressed 8192 bytes to 47...
Writing at 0x0000e000... (100 %)
Wrote 8192 bytes (47 compressed) at 0x0000e000 in 0.1 seconds (effective 1001.1 kbit/s)...
Hash of data verified.
Compressed 868064 bytes to 560287...
Writing at 0x00010000... (2 %)
Writing at 0x0001c47c... (5 %)
Writing at 0x00026ec0... (8 %)
Writing at 0x00031b9d... (11 %)
Writing at 0x000375a7... (14 %)
Writing at 0x0003cc90... (17 %)
Writing at 0x000422c1... (20 %)
Writing at 0x00047567... (22 %)
Writing at 0x0004c8e3... (25 %)
Writing at 0x00051999... (28 %)
Writing at 0x00056d8e... (31 %)
Writing at 0x0005be7e... (34 %)
Writing at 0x00061195... (37 %)
Writing at 0x0006680e... (40 %)
Writing at 0x0006d532... (42 %)
Writing at 0x00072bdb... (45 %)
Writing at 0x00077df3... (48 %)
Writing at 0x0007d716... (51 %)
Writing at 0x00083097... (54 %)
Writing at 0x0008853d... (57 %)
Writing at 0x0008d7bd... (60 %)
Writing at 0x00092c18... (62 %)
Writing at 0x00098111... (65 %)
Writing at 0x0009d859... (68 %)
Writing at 0x000a2fb7... (71 %)
Writing at 0x000a9003... (74 %)
Writing at 0x000ae8f5... (77 %)
Writing at 0x000b6f6a... (80 %)
Writing at 0x000bf76c... (82 %)
Writing at 0x000c4d1c... (85 %)
Writing at 0x000ca5ed... (88 %)
Writing at 0x000d23cb... (91 %)
Writing at 0x000d7db4... (94 %)
Writing at 0x000dd11c... (97 %)
Writing at 0x000e2c5f... (100 %)
Wrote 868064 bytes (560287 compressed) at 0x00010000 in 13.0 seconds (effective 535.1 kbit/s)...
Hash of data verified.

Leaving...
Hard resetting via RTS pin...
========================= [SUCCESS] Took 34.18 seconds =========================

Environment    Status    Duration
-------------  --------  ------------
smartcap       SUCCESS   00:00:34.185
========================= 1 succeeded in 00:00:34.185 =========================
